This is pdfTeX, Version 3.141592653-2.6-1.40.22 (TeX Live 2022/dev/Debian) (preloaded format=pdflatex 2026.2.9)  8 MAR 2026 13:11
entering extended mode
 restricted \write18 enabled.
 file:line:error style messages enabled.
 %&-line parsing enabled.
**/home/pablo/Desktop/master/tfm/latex_tfm/main
(/home/pablo/Desktop/master/tfm/latex_tfm/main.tex
LaTeX2e <2021-11-15> patch level 1
L3 programming layer <2022-01-21> (./thesisMDH.cls
Document Class: thesisMDH 2020/05/03 thesisMDH
(/usr/share/texlive/texmf-dist/tex/latex/base/article.cls
Document Class: article 2021/10/04 v1.4n Standard LaTeX document class
(/usr/share/texlive/texmf-dist/tex/latex/base/size10.clo
File: size10.clo 2021/10/04 v1.4n Standard LaTeX file (size option)
)
\c@part=\count185
\c@section=\count186
\c@subsection=\count187
\c@subsubsection=\count188
\c@paragraph=\count189
\c@subparagraph=\count190
\c@figure=\count191
\c@table=\count192
\abovecaptionskip=\skip47
\belowcaptionskip=\skip48
\bibindent=\dimen138
) (/usr/share/texlive/texmf-dist/tex/latex/cancel/cancel.sty
Package: cancel 2013/04/12 v2.2 Cancel math terms
) (/usr/share/texlive/texmf-dist/tex/latex/colortbl/colortbl.sty
Package: colortbl 2020/01/04 v1.0e Color table columns (DPC)
 (/usr/share/texlive/texmf-dist/tex/latex/tools/array.sty
Package: array 2021/10/04 v2.5f Tabular extension package (FMi)
\col@sep=\dimen139
\ar@mcellbox=\box50
\extrarowheight=\dimen140
\NC@list=\toks16
\extratabsurround=\skip49
\backup@length=\skip50
\ar@cellbox=\box51
) (/usr/share/texlive/texmf-dist/tex/latex/graphics/color.sty
Package: color 2021/12/07 v1.3c Standard LaTeX Color (DPC)
 (/usr/share/texlive/texmf-dist/tex/latex/graphics-cfg/color.cfg
File: color.cfg 2016/01/02 v1.6 sample color configuration
)
Package color Info: Driver file: pdftex.def on input line 149.
 (/usr/share/texlive/texmf-dist/tex/latex/graphics-def/pdftex.def
File: pdftex.def 2020/10/05 v1.2a Graphics/color driver for pdftex
))
\everycr=\toks17
\minrowclearance=\skip51
) (/usr/share/texlive/texmf-dist/tex/latex/graphics/graphicx.sty
Package: graphicx 2021/09/16 v1.2d Enhanced LaTeX Graphics (DPC,SPQR)
 (/usr/share/texlive/texmf-dist/tex/latex/graphics/keyval.sty
Package: keyval 2014/10/28 v1.15 key=value parser (DPC)
\KV@toks@=\toks18
) (/usr/share/texlive/texmf-dist/tex/latex/graphics/graphics.sty
Package: graphics 2021/03/04 v1.4d Standard LaTeX Graphics (DPC,SPQR)
 (/usr/share/texlive/texmf-dist/tex/latex/graphics/trig.sty
Package: trig 2021/08/11 v1.11 sin cos tan (DPC)
) (/usr/share/texlive/texmf-dist/tex/latex/graphics-cfg/graphics.cfg
File: graphics.cfg 2016/06/04 v1.11 sample graphics configuration
)
Package graphics Info: Driver file: pdftex.def on input line 107.
)
\Gin@req@height=\dimen141
\Gin@req@width=\dimen142
) (/usr/share/texlive/texmf-dist/tex/latex/mathtools/mathtools.sty
Package: mathtools 2021/02/02 v1.28 mathematical typesetting tools
 (/usr/share/texlive/texmf-dist/tex/latex/tools/calc.sty
Package: calc 2017/05/25 v4.3 Infix arithmetic (KKT,FJ)
\calc@Acount=\count193
\calc@Bcount=\count194
\calc@Adimen=\dimen143
\calc@Bdimen=\dimen144
\calc@Askip=\skip52
\calc@Bskip=\skip53
LaTeX Info: Redefining \setlength on input line 80.
LaTeX Info: Redefining \addtolength on input line 81.
\calc@Ccount=\count195
\calc@Cskip=\skip54
) (/usr/share/texlive/texmf-dist/tex/latex/mathtools/mhsetup.sty
Package: mhsetup 2021/03/18 v1.4 programming setup (MH)
) (/usr/share/texlive/texmf-dist/tex/latex/amsmath/amsmath.sty
Package: amsmath 2021/10/15 v2.17l AMS math features
\@mathmargin=\skip55

For additional information on amsmath, use the `?' option.
(/usr/share/texlive/texmf-dist/tex/latex/amsmath/amstext.sty
Package: amstext 2021/08/26 v2.01 AMS text
 (/usr/share/texlive/texmf-dist/tex/latex/amsmath/amsgen.sty
File: amsgen.sty 1999/11/30 v2.0 generic functions
\@emptytoks=\toks19
\ex@=\dimen145
)) (/usr/share/texlive/texmf-dist/tex/latex/amsmath/amsbsy.sty
Package: amsbsy 1999/11/29 v1.2d Bold Symbols
\pmbraise@=\dimen146
) (/usr/share/texlive/texmf-dist/tex/latex/amsmath/amsopn.sty
Package: amsopn 2021/08/26 v2.02 operator names
)
\inf@bad=\count196
LaTeX Info: Redefining \frac on input line 234.
\uproot@=\count197
\leftroot@=\count198
LaTeX Info: Redefining \overline on input line 399.
\classnum@=\count199
\DOTSCASE@=\count266
LaTeX Info: Redefining \ldots on input line 496.
LaTeX Info: Redefining \dots on input line 499.
LaTeX Info: Redefining \cdots on input line 620.
\Mathstrutbox@=\box52
\strutbox@=\box53
\big@size=\dimen147
LaTeX Font Info:    Redeclaring font encoding OML on input line 743.
LaTeX Font Info:    Redeclaring font encoding OMS on input line 744.
\macc@depth=\count267
\c@MaxMatrixCols=\count268
\dotsspace@=\muskip16
\c@parentequation=\count269
\dspbrk@lvl=\count270
\tag@help=\toks20
\row@=\count271
\column@=\count272
\maxfields@=\count273
\andhelp@=\toks21
\eqnshift@=\dimen148
\alignsep@=\dimen149
\tagshift@=\dimen150
\tagwidth@=\dimen151
\totwidth@=\dimen152
\lineht@=\dimen153
\@envbody=\toks22
\multlinegap=\skip56
\multlinetaggap=\skip57
\mathdisplay@stack=\toks23
LaTeX Info: Redefining \[ on input line 2938.
LaTeX Info: Redefining \] on input line 2939.
)
\g_MT_multlinerow_int=\count274
\l_MT_multwidth_dim=\dimen154
\origjot=\skip58
\l_MT_shortvdotswithinadjustabove_dim=\dimen155
\l_MT_shortvdotswithinadjustbelow_dim=\dimen156
\l_MT_above_intertext_sep=\dimen157
\l_MT_below_intertext_sep=\dimen158
\l_MT_above_shortintertext_sep=\dimen159
\l_MT_below_shortintertext_sep=\dimen160
\xmathstrut@box=\box54
\xmathstrut@dim=\dimen161
) (/usr/share/texlive/texmf-dist/tex/latex/fancyhdr/fancyhdr.sty
Package: fancyhdr 2021/01/28 v4.0.1 Extensive control of page headers and footers
\f@nch@headwidth=\skip59
\f@nch@O@elh=\skip60
\f@nch@O@erh=\skip61
\f@nch@O@olh=\skip62
\f@nch@O@orh=\skip63
\f@nch@O@elf=\skip64
\f@nch@O@erf=\skip65
\f@nch@O@olf=\skip66
\f@nch@O@orf=\skip67
) (/usr/share/texlive/texmf-dist/tex/latex/tools/enumerate.sty
Package: enumerate 2015/07/23 v3.00 enumerate extensions (DPC)
\@enLab=\toks24
) (/usr/share/texlive/texmf-dist/tex/latex/listings/listings.sty
\lst@mode=\count275
\lst@gtempboxa=\box55
\lst@token=\toks25
\lst@length=\count276
\lst@currlwidth=\dimen162
\lst@column=\count277
\lst@pos=\count278
\lst@lostspace=\dimen163
\lst@width=\dimen164
\lst@newlines=\count279
\lst@lineno=\count280
\lst@maxwidth=\dimen165
 (/usr/share/texlive/texmf-dist/tex/latex/listings/lstmisc.sty
File: lstmisc.sty 2020/03/24 1.8d (Carsten Heinz)
\c@lstnumber=\count281
\lst@skipnumbers=\count282
\lst@framebox=\box56
) (/usr/share/texlive/texmf-dist/tex/latex/listings/listings.cfg
File: listings.cfg 2020/03/24 1.8d listings configuration
))
Package: listings 2020/03/24 1.8d (Carsten Heinz)
 (/usr/share/texlive/texmf-dist/tex/latex/appendix/appendix.sty
Package: appendix 2020/02/08 v1.2c extra appendix facilities
\c@@pps=\count283
\c@@ppsavesec=\count284
\c@@ppsaveapp=\count285
) (/usr/share/texlive/texmf-dist/tex/latex/geometry/geometry.sty
Package: geometry 2020/01/02 v5.9 Page Geometry
 (/usr/share/texlive/texmf-dist/tex/generic/iftex/ifvtex.sty
Package: ifvtex 2019/10/25 v1.7 ifvtex legacy package. Use iftex instead.
 (/usr/share/texlive/texmf-dist/tex/generic/iftex/iftex.sty
Package: iftex 2020/03/06 v1.0d TeX engine tests
))
\Gm@cnth=\count286
\Gm@cntv=\count287
\c@Gm@tempcnt=\count288
\Gm@bindingoffset=\dimen166
\Gm@wd@mp=\dimen167
\Gm@odd@mp=\dimen168
\Gm@even@mp=\dimen169
\Gm@layoutwidth=\dimen170
\Gm@layoutheight=\dimen171
\Gm@layouthoffset=\dimen172
\Gm@layoutvoffset=\dimen173
\Gm@dimlist=\toks26
) (/usr/share/texlive/texmf-dist/tex/latex/textpos/textpos.sty
Package: textpos 2020/09/26 v1.10

Package: textpos 2020/09/26 1.10, absolute positioning of text on the page
Package textpos Info: choosing support for LaTeX3 on input line 61.
\TP@textbox=\box57
\TP@holdbox=\box58
\TPHorizModule=\dimen174
\TPVertModule=\dimen175
\TP@margin=\dimen176
\TP@absmargin=\dimen177
Grid set 16 x 16 = 37.34424pt x 52.81541pt
\TPboxrulesize=\dimen178
\TP@ox=\dimen179
\TP@oy=\dimen180
\TP@tbargs=\toks27
TextBlockOrigin set to 0pt x 0pt
) (/usr/share/texlive/texmf-dist/tex/latex/placeins/placeins.sty
Package: placeins 2005/04/18  v 2.2
) (/usr/share/texlive/texmf-dist/tex/latex/url/url.sty
\Urlmuskip=\muskip17
Package: url 2013/09/16  ver 3.4  Verb mode for urls, etc.
) (/usr/share/texlive/texmf-dist/tex/latex/tools/tabularx.sty
Package: tabularx 2020/01/15 v2.11c `tabularx' package (DPC)
\TX@col@width=\dimen181
\TX@old@table=\dimen182
\TX@old@col=\dimen183
\TX@target=\dimen184
\TX@delta=\dimen185
\TX@cols=\count289
\TX@ftn=\toks28
) (/usr/share/texlive/texmf-dist/tex/latex/caption/caption.sty
Package: caption 2020/10/26 v3.5g Customizing captions (AR)
 (/usr/share/texlive/texmf-dist/tex/latex/caption/caption3.sty
Package: caption3 2020/10/21 v2.2e caption3 kernel (AR)
\captionmargin=\dimen186
\captionmargin@=\dimen187
\captionwidth=\dimen188
\caption@tempdima=\dimen189
\caption@indent=\dimen190
\caption@parindent=\dimen191
\caption@hangindent=\dimen192
Package caption Info: Standard document class detected.
)
\c@caption@flags=\count290
\c@continuedfloat=\count291
Package caption Info: listings package is loaded.
) (/usr/share/texlive/texmf-dist/tex/latex/float/float.sty
Package: float 2001/11/08 v1.3d Float enhancements (AL)
\c@float@type=\count292
\float@exts=\toks29
\float@box=\box59
\@float@everytoks=\toks30
\@floatcapt=\box60
) (/usr/share/texlive/texmf-dist/tex/latex/xcolor/xcolor.sty
Package: xcolor 2021/10/31 v2.13 LaTeX color extensions (UK)
 (/usr/share/texlive/texmf-dist/tex/latex/graphics-cfg/color.cfg
File: color.cfg 2016/01/02 v1.6 sample color configuration
)
Package xcolor Info: Driver file: pdftex.def on input line 227.
LaTeX Info: Redefining \color on input line 711.
Package xcolor Info: Model `cmy' substituted by `cmy0' on input line 1352.
Package xcolor Info: Model `hsb' substituted by `rgb' on input line 1356.
Package xcolor Info: Model `RGB' extended on input line 1368.
Package xcolor Info: Model `HTML' substituted by `rgb' on input line 1370.
Package xcolor Info: Model `Hsb' substituted by `hsb' on input line 1371.
Package xcolor Info: Model `tHsb' substituted by `hsb' on input line 1372.
Package xcolor Info: Model `HSB' substituted by `hsb' on input line 1373.
Package xcolor Info: Model `Gray' substituted by `gray' on input line 1374.
Package xcolor Info: Model `wave' substituted by `hsb' on input line 1375.
) (/usr/share/texlive/texmf-dist/tex/latex/titlesec/titlesec.sty
Package: titlesec 2021/07/05 v2.14 Sectioning titles
\ttl@box=\box61
\beforetitleunit=\skip68
\aftertitleunit=\skip69
\ttl@plus=\dimen193
\ttl@minus=\dimen194
\ttl@toksa=\toks31
\titlewidth=\dimen195
\titlewidthlast=\dimen196
\titlewidthfirst=\dimen197
) (/usr/share/texlive/texmf-dist/tex/latex/base/inputenc.sty
Package: inputenc 2021/02/14 v1.3d Input encoding file
\inpenc@prehook=\toks32
\inpenc@posthook=\toks33
) (/usr/share/texlive/texmf-dist/tex/latex/base/fontenc.sty
Package: fontenc 2021/04/29 v2.0v Standard LaTeX package
) (/usr/share/texlive/texmf-dist/tex/generic/babel/babel.sty
Package: babel 2022/01/26 3.70 The Babel package
\babel@savecnt=\count293
\U@D=\dimen198
\l@unhyphenated=\language10
 (/usr/share/texlive/texmf-dist/tex/generic/babel/txtbabel.def)
\bbl@readstream=\read2
\bbl@dirlevel=\count294
 (/usr/share/texlive/texmf-dist/tex/generic/babel-english/english.ldf
Language: english 2017/06/06 v3.3r English support from the babel system
Package babel Info: Hyphen rules for 'british' set to \l@english
(babel)             (\language0). Reported on input line 82.
Package babel Info: Hyphen rules for 'UKenglish' set to \l@english
(babel)             (\language0). Reported on input line 83.
Package babel Info: Hyphen rules for 'canadian' set to \l@english
(babel)             (\language0). Reported on input line 102.
Package babel Info: Hyphen rules for 'australian' set to \l@english
(babel)             (\language0). Reported on input line 105.
Package babel Info: Hyphen rules for 'newzealand' set to \l@english
(babel)             (\language0). Reported on input line 108.
)) (/usr/share/texlive/texmf-dist/tex/latex/natbib/natbib.sty
Package: natbib 2010/09/13 8.31b (PWD, AO)
\bibhang=\skip70
\bibsep=\skip71
LaTeX Info: Redefining \cite on input line 694.
\c@NAT@ctr=\count295
) (/usr/share/texlive/texmf-dist/tex/latex/tocbibind/tocbibind.sty
Package: tocbibind 2010/10/13 v1.5k extra ToC listings
Package tocbibind Info: The document has section divisions on input line 50.


Package tocbibind Note: Using section or other style headings.

)) (/usr/share/texlive/texmf-dist/tex/latex/datetime/datetime.sty
Package: datetime 2015/03/20 v2.60 Date Time Package
 (/usr/share/texlive/texmf-dist/tex/latex/etoolbox/etoolbox.sty
Package: etoolbox 2020/10/05 v2.5k e-TeX tools for LaTeX (JAW)
\etb@tempcnta=\count296
) (/usr/share/texlive/texmf-dist/tex/latex/fmtcount/fmtcount.sty
Package: fmtcount 2020/01/30 v3.07
 (/usr/share/texlive/texmf-dist/tex/latex/base/ifthen.sty
Package: ifthen 2020/11/24 v1.1c Standard LaTeX ifthen package (DPC)
) (/usr/share/texlive/texmf-dist/tex/latex/xkeyval/xkeyval.sty
Package: xkeyval 2020/11/20 v2.8 package option processing (HA)
 (/usr/share/texlive/texmf-dist/tex/generic/xkeyval/xkeyval.tex (/usr/share/texlive/texmf-dist/tex/generic/xkeyval/xkvutils.tex
\XKV@toks=\toks34
\XKV@tempa@toks=\toks35
)
\XKV@depth=\count297
File: xkeyval.tex 2014/12/03 v2.7a key=value parser (HA)
)) (/usr/share/texlive/texmf-dist/tex/latex/fmtcount/fcprefix.sty
Package: fcprefix 2012/09/28
 (/usr/share/texlive/texmf-dist/tex/latex/fmtcount/fcnumparser.sty
Package: fcnumparser 2017/06/15
\fc@digit@counter=\count298
))
\c@padzeroesN=\count299
\fc@tmpcatcode=\count300
 (/usr/share/texlive/texmf-dist/tex/latex/fmtcount/fc-english.def
File: fc-english.def 2016/01/12
)
\@DT@modctr=\count301
\@ordinalctr=\count302
\@orgargctr=\count303
\@strctr=\count304
\@tmpstrctr=\count305
\@DT@loopN=\count306
\@DT@X=\count307
) (/usr/share/texlive/texmf-dist/tex/latex/datetime/datetime-defaults.sty
Package: datetime-defaults 2013/09/10
)
\@day=\count308
\@month=\count309
\@year=\count310
\c@HOUR=\count311
\c@HOURXII=\count312
\c@MINUTE=\count313
\c@TOHOUR=\count314
\c@TOMINUTE=\count315
\c@SECOND=\count316
\currenthour=\count317
\currentminute=\count318
\currentsecond=\count319
Package datetime Info: No datetime.cfg file found, using default settings on input line 308.
\@dtctr=\count320
\dayofyear=\count321
\dayofweek=\count322
LaTeX Info: Redefining \today on input line 736.
\dt@a=\toks36
\dt@b=\toks37
) (/usr/share/texlive/texmf-dist/tex/latex/hyperref/hyperref.sty
Package: hyperref 2021-06-07 v7.00m Hypertext links for LaTeX
 (/usr/share/texlive/texmf-dist/tex/generic/ltxcmds/ltxcmds.sty
Package: ltxcmds 2020-05-10 v1.25 LaTeX kernel commands for general use (HO)
) (/usr/share/texlive/texmf-dist/tex/generic/pdftexcmds/pdftexcmds.sty
Package: pdftexcmds 2020-06-27 v0.33 Utility functions of pdfTeX for LuaTeX (HO)
 (/usr/share/texlive/texmf-dist/tex/generic/infwarerr/infwarerr.sty
Package: infwarerr 2019/12/03 v1.5 Providing info/warning/error messages (HO)
)
Package pdftexcmds Info: \pdf@primitive is available.
Package pdftexcmds Info: \pdf@ifprimitive is available.
Package pdftexcmds Info: \pdfdraftmode found.
) (/usr/share/texlive/texmf-dist/tex/generic/kvsetkeys/kvsetkeys.sty
Package: kvsetkeys 2019/12/15 v1.18 Key value parser (HO)
) (/usr/share/texlive/texmf-dist/tex/generic/kvdefinekeys/kvdefinekeys.sty
Package: kvdefinekeys 2019-12-19 v1.6 Define keys (HO)
) (/usr/share/texlive/texmf-dist/tex/generic/pdfescape/pdfescape.sty
Package: pdfescape 2019/12/09 v1.15 Implements pdfTeX's escape features (HO)
) (/usr/share/texlive/texmf-dist/tex/latex/hycolor/hycolor.sty
Package: hycolor 2020-01-27 v1.10 Color options for hyperref/bookmark (HO)
) (/usr/share/texlive/texmf-dist/tex/latex/letltxmacro/letltxmacro.sty
Package: letltxmacro 2019/12/03 v1.6 Let assignment for LaTeX macros (HO)
) (/usr/share/texlive/texmf-dist/tex/latex/auxhook/auxhook.sty
Package: auxhook 2019-12-17 v1.6 Hooks for auxiliary files (HO)
) (/usr/share/texlive/texmf-dist/tex/latex/kvoptions/kvoptions.sty
Package: kvoptions 2020-10-07 v3.14 Key value format for package options (HO)
)
\@linkdim=\dimen199
\Hy@linkcounter=\count323
\Hy@pagecounter=\count324
 (/usr/share/texlive/texmf-dist/tex/latex/hyperref/pd1enc.def
File: pd1enc.def 2021-06-07 v7.00m Hyperref: PDFDocEncoding definition (HO)
Now handling font encoding PD1 ...
... no UTF-8 mapping file for font encoding PD1
) (/usr/share/texlive/texmf-dist/tex/latex/hyperref/hyperref-langpatches.def
File: hyperref-langpatches.def 2021-06-07 v7.00m Hyperref: patches for babel languages
) (/usr/share/texlive/texmf-dist/tex/generic/intcalc/intcalc.sty
Package: intcalc 2019/12/15 v1.3 Expandable calculations with integers (HO)
) (/usr/share/texlive/texmf-dist/tex/generic/etexcmds/etexcmds.sty
Package: etexcmds 2019/12/15 v1.7 Avoid name clashes with e-TeX commands (HO)
)
\Hy@SavedSpaceFactor=\count325
 (/usr/share/texlive/texmf-dist/tex/latex/hyperref/puenc.def
File: puenc.def 2021-06-07 v7.00m Hyperref: PDF Unicode definition (HO)
Now handling font encoding PU ...
... no UTF-8 mapping file for font encoding PU
)
Package hyperref Info: Option `colorlinks' set `true' on input line 4073.
Package hyperref Info: Option `bookmarks' set `false' on input line 4073.
Package hyperref Info: Hyper figures OFF on input line 4192.
Package hyperref Info: Link nesting OFF on input line 4197.
Package hyperref Info: Hyper index ON on input line 4200.
Package hyperref Info: Plain pages OFF on input line 4207.
Package hyperref Info: Backreferencing OFF on input line 4212.
Package hyperref Info: Implicit mode ON; LaTeX internals redefined.
Package hyperref Info: Bookmarks OFF on input line 4451.
\c@Hy@tempcnt=\count326
LaTeX Info: Redefining \url on input line 4804.
\XeTeXLinkMargin=\dimen256
 (/usr/share/texlive/texmf-dist/tex/generic/bitset/bitset.sty
Package: bitset 2019/12/09 v1.3 Handle bit-vector datatype (HO)
 (/usr/share/texlive/texmf-dist/tex/generic/bigintcalc/bigintcalc.sty
Package: bigintcalc 2019/12/15 v1.5 Expandable calculations on big integers (HO)
))
\Fld@menulength=\count327
\Field@Width=\dimen257
\Fld@charsize=\dimen258
Package hyperref Info: Hyper figures OFF on input line 6076.
Package hyperref Info: Link nesting OFF on input line 6081.
Package hyperref Info: Hyper index ON on input line 6084.
Package hyperref Info: backreferencing OFF on input line 6091.
Package hyperref Info: Link coloring ON on input line 6094.
Package hyperref Info: Link coloring with OCG OFF on input line 6101.
Package hyperref Info: PDF/A mode OFF on input line 6106.
LaTeX Info: Redefining \ref on input line 6146.
LaTeX Info: Redefining \pageref on input line 6150.
 (/usr/share/texlive/texmf-dist/tex/latex/base/atbegshi-ltx.sty
Package: atbegshi-ltx 2021/01/10 v1.0c Emulation of the original atbegshi
package with kernel methods
)
\Hy@abspage=\count328
\c@Item=\count329
\c@Hfootnote=\count330
)
Package hyperref Info: Driver (autodetected): hpdftex.
 (/usr/share/texlive/texmf-dist/tex/latex/hyperref/hpdftex.def
File: hpdftex.def 2021-06-07 v7.00m Hyperref driver for pdfTeX
 (/usr/share/texlive/texmf-dist/tex/latex/base/atveryend-ltx.sty
Package: atveryend-ltx 2020/08/19 v1.0a Emulation of the original atveryend package
with kernel methods
)
\Fld@listcount=\count331
\c@bookmark@seq@number=\count332
 (/usr/share/texlive/texmf-dist/tex/latex/rerunfilecheck/rerunfilecheck.sty
Package: rerunfilecheck 2019/12/05 v1.9 Rerun checks for auxiliary files (HO)
 (/usr/share/texlive/texmf-dist/tex/generic/uniquecounter/uniquecounter.sty
Package: uniquecounter 2019/12/15 v1.4 Provide unlimited unique counter (HO)
)
Package uniquecounter Info: New unique counter `rerunfilecheck' on input line 286.
)
\Hy@SectionHShift=\skip72
) (/usr/share/texlive/texmf-dist/tex/latex/booktabs/booktabs.sty
Package: booktabs 2020/01/12 v1.61803398 Publication quality tables
\heavyrulewidth=\dimen259
\lightrulewidth=\dimen260
\cmidrulewidth=\dimen261
\belowrulesep=\dimen262
\belowbottomsep=\dimen263
\aboverulesep=\dimen264
\abovetopsep=\dimen265
\cmidrulesep=\dimen266
\cmidrulekern=\dimen267
\defaultaddspace=\dimen268
\@cmidla=\count333
\@cmidlb=\count334
\@aboverulesep=\dimen269
\@belowrulesep=\dimen270
\@thisruleclass=\count335
\@lastruleclass=\count336
\@thisrulewidth=\dimen271
) (/usr/share/texlive/texmf-dist/tex/latex/adjustbox/adjustbox.sty
Package: adjustbox 2020/08/19 v1.3 Adjusting TeX boxes (trim, clip, ...)
 (/usr/share/texlive/texmf-dist/tex/latex/adjustbox/adjcalc.sty
Package: adjcalc 2012/05/16 v1.1 Provides advanced setlength with multiple back-ends (calc, etex, pgfmath)
) (/usr/share/texlive/texmf-dist/tex/latex/adjustbox/trimclip.sty
Package: trimclip 2020/08/19 v1.2 Trim and clip general TeX material
 (/usr/share/texlive/texmf-dist/tex/latex/collectbox/collectbox.sty
Package: collectbox 2012/05/17 v0.4b Collect macro arguments as boxes
\collectedbox=\box62
)
\tc@llx=\dimen272
\tc@lly=\dimen273
\tc@urx=\dimen274
\tc@ury=\dimen275
Package trimclip Info: Using driver 'tc-pdftex.def'.
 (/usr/share/texlive/texmf-dist/tex/latex/adjustbox/tc-pdftex.def
File: tc-pdftex.def 2019/01/04 v2.2 Clipping driver for pdftex
))
\adjbox@Width=\dimen276
\adjbox@Height=\dimen277
\adjbox@Depth=\dimen278
\adjbox@Totalheight=\dimen279
\adjbox@pwidth=\dimen280
\adjbox@pheight=\dimen281
\adjbox@pdepth=\dimen282
\adjbox@ptotalheight=\dimen283
 (/usr/share/texlive/texmf-dist/tex/latex/ifoddpage/ifoddpage.sty
Package: ifoddpage 2016/04/23 v1.1 Conditionals for odd/even page detection
\c@checkoddpage=\count337
) (/usr/share/texlive/texmf-dist/tex/latex/varwidth/varwidth.sty
Package: varwidth 2009/03/30 ver 0.92;  Variable-width minipages
\@vwid@box=\box63
\sift@deathcycles=\count338
\@vwid@loff=\dimen284
\@vwid@roff=\dimen285
)) (/usr/share/texlive/texmf-dist/tex/latex/tools/longtable.sty
Package: longtable 2021-09-01 v4.17 Multi-page Table package (DPC)
\LTleft=\skip73
\LTright=\skip74
\LTpre=\skip75
\LTpost=\skip76
\LTchunksize=\count339
\LTcapwidth=\dimen286
\LT@head=\box64
\LT@firsthead=\box65
\LT@foot=\box66
\LT@lastfoot=\box67
\LT@gbox=\box68
\LT@cols=\count340
\LT@rows=\count341
\c@LT@tables=\count342
\c@LT@chunks=\count343
\LT@p@ftn=\toks38
) (/usr/share/texlive/texmf-dist/tex/latex/multirow/multirow.sty
Package: multirow 2021/03/15 v2.8 Span multiple rows of a table
\multirow@colwidth=\skip77
\multirow@cntb=\count344
\multirow@dima=\skip78
\bigstrutjot=\dimen287
) (/usr/share/texlive/texmf-dist/tex/latex/tools/multicol.sty
Package: multicol 2021/10/28 v1.9b multicolumn formatting (FMi)
\c@tracingmulticols=\count345
\mult@box=\box69
\multicol@leftmargin=\dimen288
\c@unbalance=\count346
\c@collectmore=\count347
\doublecol@number=\count348
\multicoltolerance=\count349
\multicolpretolerance=\count350
\full@width=\dimen289
\page@free=\dimen290
\premulticols=\dimen291
\postmulticols=\dimen292
\multicolsep=\skip79
\multicolbaselineskip=\skip80
\partial@page=\box70
\last@line=\box71
\maxbalancingoverflow=\dimen293
\mult@rightbox=\box72
\mult@grightbox=\box73
\mult@firstbox=\box74
\mult@gfirstbox=\box75
\@tempa=\box76
\@tempa=\box77
\@tempa=\box78
\@tempa=\box79
\@tempa=\box80
\@tempa=\box81
\@tempa=\box82
\@tempa=\box83
\@tempa=\box84
\@tempa=\box85
\@tempa=\box86
\@tempa=\box87
\@tempa=\box88
\@tempa=\box89
\@tempa=\box90
\@tempa=\box91
\@tempa=\box92
\@tempa=\box93
\@tempa=\box94
\@tempa=\box95
\@tempa=\box96
\@tempa=\box97
\@tempa=\box98
\@tempa=\box99
\@tempa=\box100
\@tempa=\box101
\@tempa=\box102
\@tempa=\box103
\@tempa=\box104
\@tempa=\box105
\@tempa=\box106
\@tempa=\box107
\@tempa=\box108
\@tempa=\box109
\@tempa=\box110
\@tempa=\box111
\c@minrows=\count351
\c@columnbadness=\count352
\c@finalcolumnbadness=\count353
\last@try=\dimen294
\multicolovershoot=\dimen295
\multicolundershoot=\dimen296
\mult@nat@firstbox=\box112
\colbreak@box=\box113
\mc@col@check@num=\count354
)
Package hyperref Info: Option `colorlinks' set `true' on input line 40.
 (/usr/share/texlive/texmf-dist/tex/latex/l3backend/l3backend-pdftex.def
File: l3backend-pdftex.def 2022-01-12 L3 backend support: PDF output (pdfTeX)
\l__color_backend_stack_int=\count355
\l__pdf_internal_box=\box114
) (build/main.aux)
\openout1 = `main.aux'.

LaTeX Font Info:    Checking defaults for OML/cmm/m/it on input line 62.
LaTeX Font Info:    ... okay on input line 62.
LaTeX Font Info:    Checking defaults for OMS/cmsy/m/n on input line 62.
LaTeX Font Info:    ... okay on input line 62.
LaTeX Font Info:    Checking defaults for OT1/cmr/m/n on input line 62.
LaTeX Font Info:    ... okay on input line 62.
LaTeX Font Info:    Checking defaults for T1/cmr/m/n on input line 62.
LaTeX Font Info:    ... okay on input line 62.
LaTeX Font Info:    Checking defaults for TS1/cmr/m/n on input line 62.
LaTeX Font Info:    ... okay on input line 62.
LaTeX Font Info:    Checking defaults for OMX/cmex/m/n on input line 62.
LaTeX Font Info:    ... okay on input line 62.
LaTeX Font Info:    Checking defaults for U/cmr/m/n on input line 62.
LaTeX Font Info:    ... okay on input line 62.
LaTeX Font Info:    Checking defaults for PD1/pdf/m/n on input line 62.
LaTeX Font Info:    ... okay on input line 62.
LaTeX Font Info:    Checking defaults for PU/pdf/m/n on input line 62.
LaTeX Font Info:    ... okay on input line 62.
 (/usr/share/texlive/texmf-dist/tex/context/base/mkii/supp-pdf.mkii
[Loading MPS to PDF converter (version 2006.09.02).]
\scratchcounter=\count356
\scratchdimen=\dimen297
\scratchbox=\box115
\nofMPsegments=\count357
\nofMParguments=\count358
\everyMPshowfont=\toks39
\MPscratchCnt=\count359
\MPscratchDim=\dimen298
\MPnumerator=\count360
\makeMPintoPDFobject=\count361
\everyMPtoPDFconversion=\toks40
) (/usr/share/texlive/texmf-dist/tex/latex/epstopdf-pkg/epstopdf-base.sty
Package: epstopdf-base 2020-01-24 v2.11 Base part for package epstopdf
Package epstopdf-base Info: Redefining graphics rule for `.eps' on input line 485.
 (/usr/share/texlive/texmf-dist/tex/latex/latexconfig/epstopdf-sys.cfg
File: epstopdf-sys.cfg 2010/07/13 v1.3 Configuration of (r)epstopdf for TeX Live
))
\c@lstlisting=\count362

*geometry* driver: auto-detecting
*geometry* detected driver: pdftex
*geometry* verbose mode - [ preamble ] result:
* driver: pdftex
* paper: <default>
* layout: <same size as paper>
* layoutoffset:(h,v)=(0.0pt,0.0pt)
* modes: 
* h-part:(L,W,R)=(85.35826pt, 426.79135pt, 85.35826pt)
* v-part:(T,H,B)=(85.35826pt, 674.33032pt, 85.35826pt)
* \paperwidth=597.50787pt
* \paperheight=845.04684pt
* \textwidth=426.79135pt
* \textheight=674.33032pt
* \oddsidemargin=13.08827pt
* \evensidemargin=13.08827pt
* \topmargin=-23.91173pt
* \headheight=12.2pt
* \headsep=25.0pt
* \topskip=10.0pt
* \footskip=30.0pt
* \marginparwidth=57.0pt
* \marginparsep=0.0pt
* \columnsep=10.0pt
* \skip\footins=9.0pt plus 4.0pt minus 2.0pt
* \hoffset=0.0pt
* \voffset=0.0pt
* \mag=1000
* \@twocolumnfalse
* \@twosidefalse
* \@mparswitchfalse
* \@reversemarginfalse
* (1in=72.27pt=25.4mm, 1cm=28.453pt)

Package caption Info: Begin \AtBeginDocument code.
Package caption Info: float package is loaded.
Package caption Info: hyperref package is loaded.
Package caption Info: longtable package is loaded.
(/usr/share/texlive/texmf-dist/tex/latex/caption/ltcaption.sty
Package: ltcaption 2020/05/30 v1.4b longtable captions (AR)
)
Package caption Info: End \AtBeginDocument code.
Package hyperref Info: Link coloring ON on input line 62.
 (/usr/share/texlive/texmf-dist/tex/latex/hyperref/nameref.sty
Package: nameref 2021-04-02 v2.47 Cross-referencing by name of section
 (/usr/share/texlive/texmf-dist/tex/latex/refcount/refcount.sty
Package: refcount 2019/12/15 v3.6 Data extraction from label references (HO)
) (/usr/share/texlive/texmf-dist/tex/generic/gettitlestring/gettitlestring.sty
Package: gettitlestring 2019/12/15 v1.6 Cleanup title references (HO)
)
\c@section@level=\count363
)
LaTeX Info: Redefining \ref on input line 62.
LaTeX Info: Redefining \pageref on input line 62.
LaTeX Info: Redefining \nameref on input line 62.
<logos/ull.png, id=4, 281.05pt x 281.05pt>
File: logos/ull.png Graphic file (type png)
<use logos/ull.png>
Package pdftex.def Info: logos/ull.png  used on input line 63.
(pdftex.def)             Requested size: 142.26378pt x 142.26147pt.
<logos/IAC.png, id=6, 2055.68pt x 2055.68pt>
File: logos/IAC.png Graphic file (type png)
<use logos/IAC.png>
Package pdftex.def Info: logos/IAC.png  used on input line 63.
(pdftex.def)             Requested size: 142.26378pt x 142.24985pt.

Overfull \hbox (2.22168pt too wide) in paragraph at lines 63--63
[]$[]$ $[]$ 
 []

[1

{/var/lib/texmf/fonts/map/pdftex/updmap/pdftex.map} <./logos/ull.png> <./logos/IAC.png>] (./sections/0_resumen.tex)pdfTeX warning (ext4): destination with the same identifier (name{page.1}) has been already used, duplicate ignored
<to be read again> 
                   \relax 
l.68 \clearpage
                [1] (build/main.toc)
\tf@toc=\write3
\openout3 = `main.toc'.

 [2

] (./sections/1_introduction.tex [3

]

Package natbib Warning: Citation `Planck_XI' on page 4 undefined on input line 24.


Package natbib Warning: Citation `Planck_XI' on page 4 undefined on input line 24.

) (./sections/2_objectives.tex [4]) (./sections/3_data.tex
Underfull \hbox (badness 10000) in paragraph at lines 9--10

 []

LaTeX Font Info:    Trying to load font information for T1+cmtt on input line 11.
(/usr/share/texlive/texmf-dist/tex/latex/base/t1cmtt.fd
File: t1cmtt.fd 2019/12/16 v2.5j Standard LaTeX font definitions
) [5]) (./sections/4_methodology.tex [6]
</home/pablo/Desktop/master/tfm/figures//masks/mask_quijote_galcut10_cbar.pdf, id=315, 614.295pt x 390.25798pt>
File: /home/pablo/Desktop/master/tfm/figures//masks/mask_quijote_galcut10_cbar.pdf Graphic file (type pdf)
<use /home/pablo/Desktop/master/tfm/figures//masks/mask_quijote_galcut10_cbar.pdf>
Package pdftex.def Info: /home/pablo/Desktop/master/tfm/figures//masks/mask_quijote_galcut10_cbar.pdf  used on input line 47.
(pdftex.def)             Requested size: 136.57635pt x 86.76215pt.
</home/pablo/Desktop/master/tfm/figures//masks/mask_quijote_galcut15_cbar.pdf, id=316, 614.295pt x 390.25798pt>
File: /home/pablo/Desktop/master/tfm/figures//masks/mask_quijote_galcut15_cbar.pdf Graphic file (type pdf)
<use /home/pablo/Desktop/master/tfm/figures//masks/mask_quijote_galcut15_cbar.pdf>
Package pdftex.def Info: /home/pablo/Desktop/master/tfm/figures//masks/mask_quijote_galcut15_cbar.pdf  used on input line 52.
(pdftex.def)             Requested size: 136.57635pt x 86.76215pt.
</home/pablo/Desktop/master/tfm/figures//masks/mask_quijote_galcut20_cbar.pdf, id=317, 614.295pt x 390.25798pt>
File: /home/pablo/Desktop/master/tfm/figures//masks/mask_quijote_galcut20_cbar.pdf Graphic file (type pdf)
<use /home/pablo/Desktop/master/tfm/figures//masks/mask_quijote_galcut20_cbar.pdf>
Package pdftex.def Info: /home/pablo/Desktop/master/tfm/figures//masks/mask_quijote_galcut20_cbar.pdf  used on input line 57.
(pdftex.def)             Requested size: 136.57635pt x 86.76215pt.
 [7] [8 </home/pablo/Desktop/master/tfm/figures//masks/mask_quijote_galcut10_cbar.pdf> </home/pablo/Desktop/master/tfm/figures//masks/mask_quijote_galcut15_cbar.pdf> </home/pablo/Desktop/master/tfm/figures//masks/mask_quijote_galcut20_cbar.pdf>] [9]
Overfull \hbox (5.93423pt too wide) detected at line 177
[][][]\OML/cmm/m/it/10 C[]\OT1/cmr/m/n/10 (\OML/cmm/m/it/10 ^^W[]; ^^W[]\OT1/cmr/m/n/10 ) = \OML/cmm/m/it/10 ^^Z[] [][] [] :
 []

[10] [11] [12] [13] [14]) (./sections/5_results.tex

LaTeX Warning: Reference `tab:fit_galcut10_all_pairs_ell20-200' on page 15 undefined on input line 28.

[15]

LaTeX Warning: Reference `tab:fit_galcut15_all_pairs_ell20-200' on page 16 undefined on input line 31.


LaTeX Warning: Reference `tab:fit_galcut20_all_pairs_ell20-200' on page 16 undefined on input line 34.

(./tables/table_quijote_galcut10-15-20_ell20-200_all_pairs.tex)
</home/pablo/Desktop/master/tfm/figures/spectra/spectra_synch_bands_full_model_fit_quijote_galcut10.pdf, id=605, 1011.78pt x 722.7pt>
File: /home/pablo/Desktop/master/tfm/figures/spectra/spectra_synch_bands_full_model_fit_quijote_galcut10.pdf Graphic file (type pdf)
<use /home/pablo/Desktop/master/tfm/figures/spectra/spectra_synch_bands_full_model_fit_quijote_galcut10.pdf>
Package pdftex.def Info: /home/pablo/Desktop/master/tfm/figures/spectra/spectra_synch_bands_full_model_fit_quijote_galcut10.pdf  used on input line 44.
(pdftex.def)             Requested size: 213.39568pt x 152.42209pt.
</home/pablo/Desktop/master/tfm/figures/spectra/spectra_dust_bands_full_model_fit_quijote_galcut10.pdf, id=606, 1011.78pt x 722.7pt>
File: /home/pablo/Desktop/master/tfm/figures/spectra/spectra_dust_bands_full_model_fit_quijote_galcut10.pdf Graphic file (type pdf)
<use /home/pablo/Desktop/master/tfm/figures/spectra/spectra_dust_bands_full_model_fit_quijote_galcut10.pdf>
Package pdftex.def Info: /home/pablo/Desktop/master/tfm/figures/spectra/spectra_dust_bands_full_model_fit_quijote_galcut10.pdf  used on input line 49.
(pdftex.def)             Requested size: 213.39568pt x 152.42209pt.

Overfull \hbox (2.22168pt too wide) in paragraph at lines 42--51
[][]  [] 
 []

</home/pablo/Desktop/master/tfm/figures/spectra/spectra_synch_bands_full_model_fit_quijote_galcut15.pdf, id=607, 1011.78pt x 722.7pt>
File: /home/pablo/Desktop/master/tfm/figures/spectra/spectra_synch_bands_full_model_fit_quijote_galcut15.pdf Graphic file (type pdf)
<use /home/pablo/Desktop/master/tfm/figures/spectra/spectra_synch_bands_full_model_fit_quijote_galcut15.pdf>
Package pdftex.def Info: /home/pablo/Desktop/master/tfm/figures/spectra/spectra_synch_bands_full_model_fit_quijote_galcut15.pdf  used on input line 59.
(pdftex.def)             Requested size: 213.39568pt x 152.42209pt.
</home/pablo/Desktop/master/tfm/figures/spectra/spectra_dust_bands_full_model_fit_quijote_galcut15.pdf, id=608, 1011.78pt x 722.7pt>
File: /home/pablo/Desktop/master/tfm/figures/spectra/spectra_dust_bands_full_model_fit_quijote_galcut15.pdf Graphic file (type pdf)
<use /home/pablo/Desktop/master/tfm/figures/spectra/spectra_dust_bands_full_model_fit_quijote_galcut15.pdf>
Package pdftex.def Info: /home/pablo/Desktop/master/tfm/figures/spectra/spectra_dust_bands_full_model_fit_quijote_galcut15.pdf  used on input line 64.
(pdftex.def)             Requested size: 213.39568pt x 152.42209pt.

Overfull \hbox (2.22168pt too wide) in paragraph at lines 57--66
[][]  [] 
 []


LaTeX Warning: `h' float specifier changed to `ht'.

</home/pablo/Desktop/master/tfm/figures/spectra/spectra_synch_bands_full_model_fit_quijote_galcut20.pdf, id=611, 1011.78pt x 722.7pt>
File: /home/pablo/Desktop/master/tfm/figures/spectra/spectra_synch_bands_full_model_fit_quijote_galcut20.pdf Graphic file (type pdf)
<use /home/pablo/Desktop/master/tfm/figures/spectra/spectra_synch_bands_full_model_fit_quijote_galcut20.pdf>
Package pdftex.def Info: /home/pablo/Desktop/master/tfm/figures/spectra/spectra_synch_bands_full_model_fit_quijote_galcut20.pdf  used on input line 74.
(pdftex.def)             Requested size: 213.39568pt x 152.42209pt.
</home/pablo/Desktop/master/tfm/figures/spectra/spectra_dust_bands_full_model_fit_quijote_galcut20.pdf, id=612, 1011.78pt x 722.7pt>
File: /home/pablo/Desktop/master/tfm/figures/spectra/spectra_dust_bands_full_model_fit_quijote_galcut20.pdf Graphic file (type pdf)
<use /home/pablo/Desktop/master/tfm/figures/spectra/spectra_dust_bands_full_model_fit_quijote_galcut20.pdf>
Package pdftex.def Info: /home/pablo/Desktop/master/tfm/figures/spectra/spectra_dust_bands_full_model_fit_quijote_galcut20.pdf  used on input line 79.
(pdftex.def)             Requested size: 213.39568pt x 152.42209pt.

Overfull \hbox (2.22168pt too wide) in paragraph at lines 72--81
[][]  [] 
 []


LaTeX Warning: `h' float specifier changed to `ht'.

[16 </home/pablo/Desktop/master/tfm/figures/spectra/spectra_synch_bands_full_model_fit_quijote_galcut10.pdf> </home/pablo/Desktop/master/tfm/figures/spectra/spectra_dust_bands_full_model_fit_quijote_galcut10.pdf>] (/home/pablo/Desktop/master/tfm/tables/final/bin-to-bin/btb_quijote_galcut10_ell20-200_all_pairs_QUIJOTEpWMAPpPlanck.tex

LaTeX Warning: `h' float specifier changed to `ht'.

) (/home/pablo/Desktop/master/tfm/tables/final/bin-to-bin/btb_quijote_galcut15_ell20-200_all_pairs_QUIJOTEpWMAPpPlanck.tex

LaTeX Warning: `h' float specifier changed to `ht'.

) (/home/pablo/Desktop/master/tfm/tables/final/bin-to-bin/btb_quijote_galcut20_ell20-200_all_pairs_QUIJOTEpWMAPpPlanck.tex

LaTeX Warning: `h' float specifier changed to `ht'.

)) (./sections/6_conclusions.tex [17 </home/pablo/Desktop/master/tfm/figures/spectra/spectra_synch_bands_full_model_fit_quijote_galcut15.pdf> </home/pablo/Desktop/master/tfm/figures/spectra/spectra_dust_bands_full_model_fit_quijote_galcut15.pdf> </home/pablo/Desktop/master/tfm/figures/spectra/spectra_synch_bands_full_model_fit_quijote_galcut20.pdf> </home/pablo/Desktop/master/tfm/figures/spectra/spectra_dust_bands_full_model_fit_quijote_galcut20.pdf>] [18] [19]) (build/main.bbl [20

]) [21] (./sections/A1_cross-only.tex (./tables/table_quijote_galcut10-15-20_ell20-200_cross_only.tex)
</home/pablo/Desktop/master/tfm/figures/spectra/spectra_synch_bands_full_model_fit_cross_only_quijote_galcut20.pdf, id=1201, 1011.78pt x 722.7pt>
File: /home/pablo/Desktop/master/tfm/figures/spectra/spectra_synch_bands_full_model_fit_cross_only_quijote_galcut20.pdf Graphic file (type pdf)
<use /home/pablo/Desktop/master/tfm/figures/spectra/spectra_synch_bands_full_model_fit_cross_only_quijote_galcut20.pdf>
Package pdftex.def Info: /home/pablo/Desktop/master/tfm/figures/spectra/spectra_synch_bands_full_model_fit_cross_only_quijote_galcut20.pdf  used on input line 11.
(pdftex.def)             Requested size: 213.39568pt x 152.42209pt.
</home/pablo/Desktop/master/tfm/figures/spectra/spectra_dust_bands_full_model_fit_cross_only_quijote_galcut20.pdf, id=1202, 1011.78pt x 722.7pt>
File: /home/pablo/Desktop/master/tfm/figures/spectra/spectra_dust_bands_full_model_fit_cross_only_quijote_galcut20.pdf Graphic file (type pdf)
<use /home/pablo/Desktop/master/tfm/figures/spectra/spectra_dust_bands_full_model_fit_cross_only_quijote_galcut20.pdf>
Package pdftex.def Info: /home/pablo/Desktop/master/tfm/figures/spectra/spectra_dust_bands_full_model_fit_cross_only_quijote_galcut20.pdf  used on input line 16.
(pdftex.def)             Requested size: 213.39568pt x 152.42209pt.

Overfull \hbox (2.22168pt too wide) in paragraph at lines 9--18
[][]  [] 
 []

File: /home/pablo/Desktop/master/tfm/figures/spectra/spectra_synch_bands_full_model_fit_cross_only_quijote_galcut20.pdf Graphic file (type pdf)
<use /home/pablo/Desktop/master/tfm/figures/spectra/spectra_synch_bands_full_model_fit_cross_only_quijote_galcut20.pdf>
Package pdftex.def Info: /home/pablo/Desktop/master/tfm/figures/spectra/spectra_synch_bands_full_model_fit_cross_only_quijote_galcut20.pdf  used on input line 26.
(pdftex.def)             Requested size: 213.39568pt x 152.42209pt.
File: /home/pablo/Desktop/master/tfm/figures/spectra/spectra_dust_bands_full_model_fit_cross_only_quijote_galcut20.pdf Graphic file (type pdf)
<use /home/pablo/Desktop/master/tfm/figures/spectra/spectra_dust_bands_full_model_fit_cross_only_quijote_galcut20.pdf>
Package pdftex.def Info: /home/pablo/Desktop/master/tfm/figures/spectra/spectra_dust_bands_full_model_fit_cross_only_quijote_galcut20.pdf  used on input line 31.
(pdftex.def)             Requested size: 213.39568pt x 152.42209pt.

Overfull \hbox (2.22168pt too wide) in paragraph at lines 24--33
[][]  [] 
 []


LaTeX Warning: `h' float specifier changed to `ht'.

File: /home/pablo/Desktop/master/tfm/figures/spectra/spectra_synch_bands_full_model_fit_cross_only_quijote_galcut20.pdf Graphic file (type pdf)
<use /home/pablo/Desktop/master/tfm/figures/spectra/spectra_synch_bands_full_model_fit_cross_only_quijote_galcut20.pdf>
Package pdftex.def Info: /home/pablo/Desktop/master/tfm/figures/spectra/spectra_synch_bands_full_model_fit_cross_only_quijote_galcut20.pdf  used on input line 41.
(pdftex.def)             Requested size: 213.39568pt x 152.42209pt.
File: /home/pablo/Desktop/master/tfm/figures/spectra/spectra_dust_bands_full_model_fit_cross_only_quijote_galcut20.pdf Graphic file (type pdf)
<use /home/pablo/Desktop/master/tfm/figures/spectra/spectra_dust_bands_full_model_fit_cross_only_quijote_galcut20.pdf>
Package pdftex.def Info: /home/pablo/Desktop/master/tfm/figures/spectra/spectra_dust_bands_full_model_fit_cross_only_quijote_galcut20.pdf  used on input line 46.
(pdftex.def)             Requested size: 213.39568pt x 152.42209pt.

Overfull \hbox (2.22168pt too wide) in paragraph at lines 39--48
[][]  [] 
 []


LaTeX Warning: `h' float specifier changed to `ht'.

(/home/pablo/Desktop/master/tfm/tables/final/bin-to-bin/btb_quijote_galcut10_ell20-200_cross_only_QUIJOTEpWMAPpPlanck.tex

LaTeX Warning: `h' float specifier changed to `ht'.

) (/home/pablo/Desktop/master/tfm/tables/final/bin-to-bin/btb_quijote_galcut15_ell20-200_cross_only_QUIJOTEpWMAPpPlanck.tex

LaTeX Warning: `h' float specifier changed to `ht'.

) (/home/pablo/Desktop/master/tfm/tables/final/bin-to-bin/btb_quijote_galcut20_ell20-200_cross_only_QUIJOTEpWMAPpPlanck.tex

LaTeX Warning: `h' float specifier changed to `ht'.

)) (./sections/A2_ell30-200.tex [22

 </home/pablo/Desktop/master/tfm/figures/spectra/spectra_synch_bands_full_model_fit_cross_only_quijote_galcut20.pdf> </home/pablo/Desktop/master/tfm/figures/spectra/spectra_dust_bands_full_model_fit_cross_only_quijote_galcut20.pdf>] [23] [24] [25] (./tables/table_quijote_galcut10-15-20_ell30-200_all_pairs.tex) (./tables/table_quijote_galcut10-15-20_ell30-200_cross_only.tex

LaTeX Warning: `h' float specifier changed to `ht'.

)) (./sections/A3_reduced_chi2.tex.tex [26

] (./tables/table_chi2_all.tex))

Package natbib Warning: There were undefined citations.

[27] (build/main.aux)

LaTeX Warning: There were undefined references.

 ) 
Here is how much of TeX's memory you used:
 18936 strings out of 480112
 315771 string characters out of 5892632
 714387 words of memory out of 5000000
 36323 multiletter control sequences out of 15000+600000
 487342 words of font info for 69 fonts, out of 8000000 for 9000
 85 hyphenation exceptions out of 8191
 83i,19n,90p,1573b,553s stack positions out of 5000i,500n,10000p,200000b,80000s
 </home/pablo/.texlive2021/texmf-var/fonts/pk/ljfour/jknappen/ec/ecrm0800.600pk> </home/pablo/.texlive2021/texmf-var/fonts/pk/ljfour/jknappen/ec/ectt1000.600pk> </home/pablo/.texlive2021/texmf-var/fonts/pk/ljfour/jknappen/ec/eccc1000.600pk> </home/pablo/.texlive2021/texmf-var/fonts/pk/ljfour/jknappen/ec/ectt0800.600pk> </home/pablo/.texlive2021/texmf-var/fonts/pk/ljfour/jknappen/ec/ecrm0600.600pk> </home/pablo/.texlive2021/texmf-var/fonts/pk/ljfour/jknappen/ec/ecrm0700.600pk> </home/pablo/.texlive2021/texmf-var/fonts/pk/ljfour/jknappen/ec/ecbx1200.600pk> </home/pablo/.texlive2021/texmf-var/fonts/pk/ljfour/jknappen/ec/ecbx1000.600pk> </home/pablo/.texlive2021/texmf-var/fonts/pk/ljfour/jknappen/ec/ecbx1440.600pk> </home/pablo/.texlive2021/texmf-var/fonts/pk/ljfour/jknappen/ec/ecrm1000.600pk> </home/pablo/.texlive2021/texmf-var/fonts/pk/ljfour/jknappen/ec/ecbx2074.600pk> </home/pablo/.texlive2021/texmf-var/fonts/pk/ljfour/jknappen/ec/ecrm1440.600pk></usr/share/texlive/texmf-dist/fonts/type1/public/amsfonts/cm/cmbx10.pfb></usr/share/texlive/texmf-dist/fonts/type1/public/amsfonts/cm/cmex10.pfb></usr/share/texlive/texmf-dist/fonts/type1/public/amsfonts/cm/cmmi10.pfb></usr/share/texlive/texmf-dist/fonts/type1/public/amsfonts/cm/cmmi12.pfb></usr/share/texlive/texmf-dist/fonts/type1/public/amsfonts/cm/cmmi5.pfb></usr/share/texlive/texmf-dist/fonts/type1/public/amsfonts/cm/cmmi6.pfb></usr/share/texlive/texmf-dist/fonts/type1/public/amsfonts/cm/cmmi7.pfb></usr/share/texlive/texmf-dist/fonts/type1/public/amsfonts/cm/cmmi8.pfb></usr/share/texlive/texmf-dist/fonts/type1/public/amsfonts/cm/cmmib10.pfb></usr/share/texlive/texmf-dist/fonts/type1/public/amsfonts/cm/cmr10.pfb></usr/share/texlive/texmf-dist/fonts/type1/public/amsfonts/cm/cmr12.pfb></usr/share/texlive/texmf-dist/fonts/type1/public/amsfonts/cm/cmr5.pfb></usr/share/texlive/texmf-dist/fonts/type1/public/amsfonts/cm/cmr6.pfb></usr/share/texlive/texmf-dist/fonts/type1/public/amsfonts/cm/cmr7.pfb></usr/share/texlive/texmf-dist/fonts/type1/public/amsfonts/cm/cmr8.pfb></usr/share/texlive/texmf-dist/fonts/type1/public/amsfonts/cm/cmsy10.pfb></usr/share/texlive/texmf-dist/fonts/type1/public/amsfonts/cm/cmsy6.pfb></usr/share/texlive/texmf-dist/fonts/type1/public/amsfonts/cm/cmsy7.pfb></usr/share/texlive/texmf-dist/fonts/type1/public/amsfonts/cm/cmsy8.pfb>
Output written on build/main.pdf (28 pages, 1264802 bytes).
PDF statistics:
 1985 PDF objects out of 2073 (max. 8388607)
 875 compressed objects within 9 object streams
 177 named destinations out of 1000 (max. 500000)
 66 words of extra memory for PDF output out of 10000 (max. 10000000)

